ictp-md
Compile date
Compile flags
Last commit
Commit date
Commit author
Number of message passing processes
OpenMP
Assigned memory.*kBytes
# FIXME: GNU fortran throws an error when assigning
# floating point numbers to integers, intel ifort 11.x
# just picks the first part of the number.
Failure reading &(control|sysinfo) namelist
END-OF-RUN
